Hitachi Optimizing Linkage Editor (Ver. 7.1.03.000)03-Dec-2017 20:13:16

*** Options ***

-subcommand=C:\Users\Lenovo\AppData\Local\Temp\hmk8564.tmp
noprelink
sdebug
rom D=R
nomessage
list "E:\CASIO\fx-9860G SDK\Project\fxQr\Debug\FXADDINror.map"
show symbol
nooptimize
start P_TOP,P,C,D,C$VTBL,C$INIT/0300200,B_BR_Size,B,R/08100000
fsymbol P
nologo
input "E:\CASIO\fx-9860G SDK\Project\fxQr\Debug\main.obj" "E:\CASIO\fx-9860G SDK\Project\fxQr\Debug\QR.obj"
input "E:\CASIO\fx-9860G SDK\OS\FX\lib\setup.obj"
library "E:\CASIO\fx-9860G SDK\OS\FX\lib\fx9860G_library.lib"
output "E:\CASIO\fx-9860G SDK\Project\fxQr\Debug\FXADDINror.abs"
-nomessage=1100
end

*** Error information ***

*** Mapping List ***

SECTION                            START      END         SIZE   ALIGN

P_TOP
                                  00300200  0030020b         c   4
P
                                  0030020c  00302273      2068   4
C
                                  00302274  0030272f       4bc   4
D
                                  00302730  00302c63       534   4
B_BR_Size
                                  08100000  08100003         4   4
B
                                  08100004  08100007         4   4
R
                                  08100008  0810053b       534   4

*** Symbol List ***

SECTION=
FILE=                               START        END    SIZE
  SYMBOL                            ADDR        SIZE    INFO      COUNTS  OPT

SECTION=P_TOP
FILE=E:\CASIO\fx-9860G SDK\Project\fxQr\Debug\main.obj
                                  00300200  0030020b         c
  _InitializeSystem
                                  00300200         c   func ,g         * 

SECTION=P
FILE=E:\CASIO\fx-9860G SDK\Project\fxQr\Debug\main.obj
                                  0030020c  0030042b       220
  _AddIn_main
                                  0030020c       220   func ,g         * 
FILE=E:\CASIO\fx-9860G SDK\Project\fxQr\Debug\QR.obj
                                  0030042c  003015ef      11c4
  _is_mask_applicable
                                  0030042c       138   func ,g         * 
  _reedSolomon
                                  00300564        ec   func ,g         * 
  _parseMessage
                                  00300650       fa0   func ,g         * 
FILE=E:\CASIO\fx-9860G SDK\OS\FX\lib\setup.obj
                                  003015f0  0030170b       11c
  ___LINK_PROTECT
                                  003015f0         4   func ,g         * 
  _SetQuitHandler
                                  003015f4         6   func ,g         * 
  _OnAppCloseDefault
                                  003015fa        54   func ,g         * 
  __INITSCT_ADDIN
                                  0030164e        48   func ,g         * 
  _INIT_ADDIN_APPLICATION
                                  00301696        76   func ,g         * 
FILE=r_addd
                                  0030170c  00301a9b       390
  __subd
                                  0030170c         0   none ,g         * 
  __subdr
                                  00301724         0   none ,g         * 
  exception1
                                  0030173c         0   none ,l         * 
  return_NaN
                                  00301750         0   none ,l         * 
  return_inf
                                  00301758         0   none ,l         * 
  exception2
                                  0030175c         0   none ,l         * 
  p2_denorm_check
                                  00301770         0   none ,l         * 
  p1_denorm
                                  0030177c         0   none ,l         * 
  return_p2
                                  00301788         0   none ,l         * 
  return_p1
                                  00301790         0   none ,l         * 
  p1_normalize
                                  0030179e         0   none ,l         * 
  p1_norm_loop
                                  003017a8         0   none ,l         * 
  end_p1_norm
                                  003017b2         0   none ,l         * 
  p2_normalize
                                  003017b2         0   none ,l         * 
  p2_norm_loop
                                  003017bc         0   none ,l         * 
  end_p2_norm
                                  003017c6         0   none ,l         * 
  swap_end
                                  003017ce         0   none ,l         * 
  return_zero
                                  003017d2         0   none ,l         * 
  __addd
                                  003017dc         0   none ,g         * 
  sub_in
                                  003017ee         0   none ,l         * 
  rotation
                                  0030180e         0   none ,l         * 
  exception_return
                                  0030183a         0   none ,l         * 
  sftr1
                                  0030187c         0   none ,l         * 
  e_sftr31
                                  00301880         0   none ,l         * 
  e_sftr55
                                  003018a6         0   none ,l         * 
  sftr_loop
                                  003018ac         0   none ,l         * 
  end_sftr
                                  003018b4         0   none ,l         * 
  mantissa_sub
                                  003018d8         0   none ,l         * 
  man_sub1
                                  003018e0         0   none ,l         * 
  normalize
                                  003018ee         0   none ,l         * 
  norm32_end
                                  003018f8         0   none ,l         * 
  norm16_end
                                  00301908         0   none ,l         * 
  over_norm
                                  0030190e         0   none ,l         * 
  overnorm_end
                                  0030193a         0   none ,l         * 
  norm_loop
                                  00301940         0   none ,l         * 
  end_calc
                                  00301968         0   none ,l         * 
  end_norm
                                  00301968         0   none ,l         * 
  denormalize_loop
                                  00301970         0   none ,l         * 
  round
                                  00301978         0   none ,l         * 
  end_denormal
                                  00301978         0   none ,l         * 
  round_carry
                                  00301990         0   none ,l         * 
  end_round
                                  00301996         0   none ,l         * 
  return_value
                                  00301996         0   none ,l         * 
  return
                                  003019b4         0   none ,l         * 
  plus_zero
                                  003019d4         0   none ,l         * 
  swap
                                  003019de         0   none ,l         * 
  EXP_INF
                                  003019f8         0   none ,l         * 
  MMASK
                                  003019fc         0   none ,l         * 
  MSB
                                  00301a00         0   none ,l         * 
  LOWMASK
                                  00301a04         0   none ,l         * 
  CARRY_CHECK
                                  00301a08         0   none ,l         * 
  NORMAL
                                  00301a0c         0   none ,l         * 
  SIGN
                                  00301a10         0   none ,l         * 
  HALF
                                  00301a14         0   none ,l         * 
  sftrtbl
                                  00301a18         0   none ,l         * 
FILE=r_dtoi
                                  00301a9c  00301b27        8c
  __dtou
                                  00301a9c         0   none ,g         * 
  __dtoi
                                  00301a9c         0   none ,g         * 
  loop_sftl
                                  00301adc         0   none ,l         * 
  shift_low
                                  00301ae6         0   none ,l         * 
  shift_low1
                                  00301aee         0   none ,l         * 
  shift_r
                                  00301af8         0   none ,l         * 
  shift_r1
                                  00301afa         0   none ,l         * 
  end_shift
                                  00301b00         0   none ,l         * 
  return
                                  00301b06         0   none ,l         * 
  end_nagate
                                  00301b06         0   none ,l         * 
  return_zero
                                  00301b14         0   none ,l         * 
  EXP_INF
                                  00301b18         0   none ,l         * 
  MMASK
                                  00301b1c         0   none ,l         * 
  MSB
                                  00301b20         0   none ,l         * 
  BIAS
                                  00301b24         0   none ,l         * 
FILE=r_itod
                                  00301b28  00301b7b        54
  __itod
                                  00301b28         0   none ,g         * 
  end_negate
                                  00301b3c         0   none ,l         * 
  sftl_loop
                                  00301b3e         0   none ,l         * 
  return
                                  00301b60         0   none ,l         * 
  return_zero
                                  00301b70         0   none ,l         * 
  EXP_32
                                  00301b78         0   none ,l         * 
FILE=r_muld
                                  00301b7c  00301d8f       214
  exception1
                                  00301b7c         0   none ,l         * 
  parm2_NaN_check
                                  00301b98         0   none ,l         * 
  exception2
                                  00301ba4         0   none ,l         * 
  exception3
                                  00301bbc         0   none ,l         * 
  ex3
                                  00301bc8         0   none ,l         * 
  p1_norm_loop
                                  00301bd2         0   none ,l         * 
  end_p1_norm
                                  00301bdc         0   none ,l         * 
  exception4
                                  00301be0         0   none ,l         * 
  ex4
                                  00301bec         0   none ,l         * 
  p2_norm_loop
                                  00301bf6         0   none ,l         * 
  end_p2_norm
                                  00301c00         0   none ,l         * 
  return_zero
                                  00301c04         0   none ,l         * 
  return_inf
                                  00301c0e         0   none ,l         * 
  return_NaN
                                  00301c16         0   none ,l         * 
  __muld
                                  00301c20         0   none ,g         * 
  exception_return3
                                  00301c76         0   none ,l         * 
  exception_return4
                                  00301c7a         0   none ,l         * 
  mul_man1
                                  00301cbc         0   none ,l         * 
  end_normalize
                                  00301ce0         0   none ,l         * 
  end_sticky
                                  00301ce6         0   none ,l         * 
  denormalize_loop
                                  00301cee         0   none ,l         * 
  round_denormal
                                  00301cfa         0   none ,l         * 
  end_round_d
                                  00301d10         0   none ,l         * 
  end_denormal
                                  00301d14         0   none ,l         * 
  round_carry
                                  00301d26         0   none ,l         * 
  end_round
                                  00301d2c         0   none ,l         * 
  return_value
                                  00301d2c         0   none ,l         * 
  return
                                  00301d4a         0   none ,l         * 
  EXP_INF
                                  00301d78         0   none ,l         * 
  MMASK
                                  00301d7c         0   none ,l         * 
  MSB
                                  00301d80         0   none ,l         * 
  CARRY_CHECK
                                  00301d84         0   none ,l         * 
  BIAS
                                  00301d88         0   none ,l         * 
  DEN_CARRY
                                  00301d8c         0   none ,l         * 
FILE=__divls
                                  00301d90  00301e43        b4
  __divls
                                  00301d90         0   none ,g         * 
  divls_zero
                                  00301e2e         0   none ,l         * 
  A_errno
                                  00301e3c         0   none ,l         * 
  n_zerono
                                  00301e40         0   none ,l         * 
FILE=__divlu
                                  00301e44  00301eeb        a8
  __divlu
                                  00301e44         0   none ,g         * 
  divlu_zero
                                  00301ed6         0   none ,l         * 
  A_errno
                                  00301ee4         0   none ,l         * 
  n_zerono
                                  00301ee8         0   none ,l         * 
FILE=__modls
                                  00301eec  00301fb3        c8
  __modls
                                  00301eec         0   none ,g         * 
  modls_L
                                  00301f92         0   none ,l         * 
  modls_zero
                                  00301f9e         0   none ,l         * 
  A_errno
                                  00301fac         0   none ,l         * 
  n_zerono
                                  00301fb0         0   none ,l         * 
FILE=__s_mvn
                                  00301fb4  00301feb        38
  __slow_mvn
                                  00301fb4         0   none ,g         * 
  SMVN_B
                                  00301fc2         0   none ,l         * 
  SMVN_END
                                  00301fe4         0   none ,l         * 
FILE=strlen
                                  00301fec  00301ffb        10
  _strlen
                                  00301fec        10   func ,g         * 
FILE=_Bdel_cychdr
                                  00301ffc  0030200b        10
  _Bdel_cychdr
                                  00301ffc         0   none ,g         * 
FILE=_Bdisp_AllClr_VRAM
                                  0030200c  0030201b        10
  _Bdisp_AllClr_VRAM
                                  0030200c         0   none ,g         * 
FILE=_Bdisp_SetPoint_VRAM
                                  0030201c  0030202b        10
  _Bdisp_SetPoint_VRAM
                                  0030201c         0   none ,g         * 
FILE=_BfileFLS_CloseFile
                                  0030202c  0030203b        10
  _BfileFLS_CloseFile
                                  0030202c         0   none ,g         * 
FILE=_Bkey_Set_RepeatTime_Default
                                  0030203c  0030204b        10
  _Bkey_Set_RepeatTime_Default
                                  0030203c         0   none ,g         * 
FILE=_CallbackAtQuitMainFunction
                                  0030204c  0030205b        10
  _CallbackAtQuitMainFunction
                                  0030204c         0   none ,g         * 
FILE=_flsFindClose
                                  0030205c  0030206b        10
  _flsFindClose
                                  0030205c         0   none ,g         * 
FILE=_free
                                  0030206c  0030207b        10
  _free
                                  0030206c         0   none ,g         * 
FILE=_getkey
                                  0030207c  0030208b        10
  _GetKey
                                  0030207c         0   none ,g         * 
FILE=_GLibAddinAplExecutionCheck
                                  0030208c  0030209b        10
  _GLibAddinAplExecutionCheck
                                  0030208c         0   none ,g         * 
FILE=_Hmem_SetMMU
                                  0030209c  003020ab        10
  _Hmem_SetMMU
                                  0030209c         0   none ,g         * 
FILE=_malloc
                                  003020ac  003020bb        10
  _malloc
                                  003020ac         0   none ,g         * 
FILE=_Print
                                  003020bc  003020cb        10
  _Print
                                  003020bc         0   none ,g         * 
FILE=dispbios
                                  003020cc  00302241       176
  _PrintMini
                                  003020cc        1c   func ,g         * 
  _locate
                                  003020e8        28   func ,g         * 
  _Bdisp_ReadArea_DD
                                  00302110       132   func ,g         * 
FILE=_DD_GET
                                  00302244  00302253        10
  _DD_GET
                                  00302244         0   none ,g         * 
FILE=_locate
                                  00302254  00302263        10
  _locate_OS
                                  00302254         0   none ,g         * 
FILE=_PrintMiniSd
                                  00302264  00302273        10
  _PrintMiniSd
                                  00302264         0   none ,g         * 

SECTION=C
FILE=addin_sct
                                  0030271c  0030272f        14
  _B_BGN
                                  0030271c         0   none ,g         * 
  _B_END
                                  00302720         0   none ,g         * 
  _R_BGN
                                  00302724         0   none ,g         * 
  _R_END
                                  00302728         0   none ,g         * 
  _D_ROM
                                  0030272c         0   none ,g         * 

SECTION=B_BR_Size
FILE=E:\CASIO\fx-9860G SDK\Project\fxQr\Debug\main.obj
                                  08100000  08100003         4
  _BR_Size
                                  08100000         4   data ,g         * 

SECTION=B
FILE=_errno
                                  08100004  08100007         4
  __errno
                                  08100004         4   data ,g         * 

SECTION=R
FILE=E:\CASIO\fx-9860G SDK\Project\fxQr\Debug\QR.obj
                                  08100008  08100535       52e
  _a
                                  08100008       100   data ,g         * 
  _a_inv
                                  08100108       100   data ,g         * 
  _gen_poly
                                  08100208        b5   data ,g         * 
  _gen_offset
                                  081002bd        12   data ,g         * 
  _mask_info
                                  081002d0        20   data ,g         * 
  _version_info
                                  081002f0        66   data ,g         * 
  _codeword_parameters
                                  08100356       1e0   data ,g         * 
FILE=E:\CASIO\fx-9860G SDK\OS\FX\lib\setup.obj
                                  08100538  0810053b         4
  _gb_OnAppClose
                                  08100538         4   data ,g         * 

Absolute value symbols
FILE=__divls
  zerodiv
                                  0000044e         0   none ,l         * 
FILE=__divlu
  zerodiv
                                  0000044e         0   none ,l         * 
FILE=__modls
  zerodiv
                                  0000044e         0   none ,l         * 
FILE=_Bdel_cychdr
  __JumpTableTOP
                                  80010070         0   none ,l         * 
FILE=_Bdisp_AllClr_VRAM
  __JumpTableTOP
                                  80010070         0   none ,l         * 
FILE=_Bdisp_SetPoint_VRAM
  __JumpTableTOP
                                  80010070         0   none ,l         * 
FILE=_BfileFLS_CloseFile
  __JumpTableTOP
                                  80010070         0   none ,l         * 
FILE=_Bkey_Set_RepeatTime_Default
  __JumpTableTOP
                                  80010070         0   none ,l         * 
FILE=_CallbackAtQuitMainFunction
  __JumpTableTOP
                                  80010070         0   none ,l         * 
FILE=_flsFindClose
  __JumpTableTOP
                                  80010070         0   none ,l         * 
FILE=_free
  __JumpTableTOP
                                  80010070         0   none ,l         * 
FILE=_getkey
  __JumpTableTOP
                                  80010070         0   none ,l         * 
FILE=_GLibAddinAplExecutionCheck
  __JumpTableTOP
                                  80010070         0   none ,l         * 
FILE=_Hmem_SetMMU
  __JumpTableTOP
                                  80010070         0   none ,l         * 
FILE=_malloc
  __JumpTableTOP
                                  80010070         0   none ,l         * 
FILE=_Print
  __JumpTableTOP
                                  80010070         0   none ,l         * 
FILE=_DD_GET
  __JumpTableTOP
                                  80010070         0   none ,l         * 
FILE=_locate
  __JumpTableTOP
                                  80010070         0   none ,l         * 
FILE=_PrintMiniSd
  __JumpTableTOP
                                  80010070         0   none ,l         * 

*** Delete Symbols ***

SYMBOL                                SIZE    INFO

*** Variable Accessible with Abs8 ***

SYMBOL                                SIZE    COUNTS  OPTIMIZE

*** Variable Accessible with Abs16 ***

SYMBOL                                SIZE    COUNTS  OPTIMIZE

*** Function Call ***

SYMBOL                              COUNTS  OPTIMIZE
